#-----------------------------------------------------------
# Vivado v2016.4 (64-bit)
# SW Build 1733598 on Wed Dec 14 22:35:39 MST 2016
# IP Build 1731160 on Wed Dec 14 23:47:21 MST 2016
# Start of session at: Sun Nov 22 02:55:02 2020
# Process ID: 17528
# Current directory: C:/Users/csce/Desktop/MS4_Latest/MS4
# Command line: vivado.exe -gui_launcher_event rodinguilauncherevent13872 C:\Users\csce\Desktop\MS4_Latest\MS4\MS4.xpr
# Log file: C:/Users/csce/Desktop/MS4_Latest/MS4/vivado.log
# Journal file: C:/Users/csce/Desktop/MS4_Latest/MS4\vivado.jou
#-----------------------------------------------------------
start_gui
open_project C:/Users/csce/Desktop/MS4_Latest/MS4/MS4.xpr
launch_simulation
open_wave_config C:/Users/csce/Desktop/MS4_Latest/MS4/RISCVHandler_tb_behav.wcfg
source RISCVHandler_tb.tcl
relaunch_sim
relaunch_sim
close_sim
launch_simulation
open_wave_config C:/Users/csce/Desktop/MS4_Latest/MS4/RISCVHandler_tb_behav.wcfg
source RISCVHandler_tb.tcl
relaunch_sim
relaunch_sim
close_sim
launch_simulation
open_wave_config C:/Users/csce/Desktop/MS4_Latest/MS4/RISCVHandler_tb_behav.wcfg
source RISCVHandler_tb.tcl
relaunch_sim
relaunch_sim
relaunch_sim
relaunch_sim
relaunch_sim
relaunch_sim
relaunch_sim
relaunch_sim
relaunch_sim
close_sim
